{"id":5275,"jsonrpc":"2.0","method":"private/buy","params":{"amount":40,"instrument_name":"ETH-PERPETUAL","label":"market0000234","type":"market"}}

